// Jest Snapshot v1, https://goo.gl/fbAQLP

exports[`should render Header correctly 1`] = `
<header>
  <h1>
    Expensify App
  </h1>
  <ul>
    <li>
      <NavLink
        activeClassName="is_active"
        ariaCurrent="true"
        exact={true}
        to="/"
      >
        HOME
      </NavLink>
    </li>
    <li>
      <NavLink
        activeClassName="is_active"
        ariaCurrent="true"
        to="/create"
      >
        ADD
      </NavLink>
    </li>
    <li>
      <NavLink
        activeClassName="is_active"
        ariaCurrent="true"
        to="/edit"
      >
        EDIT
      </NavLink>
    </li>
    <li>
      <NavLink
        activeClassName="is_active"
        ariaCurrent="true"
        to="/help"
      >
        HELP
      </NavLink>
    </li>
  </ul>
</header>
`;
